<html>
<body>
<pre>
<h1>µVision Build Log</h1>
<h2>Tool Versions:</h2>
IDE-Version: ¦ÌVision V5.43.1.0
Copyright (C) 2025 ARM Ltd and ARM Germany GmbH. All rights reserved.
License Information: no 2997708711@qq.com, nono, LIC=76F5U-S0N7L-GK2BG-VWUYI-ZMP32-6M9LR
 
Tool Versions:
Toolchain:       MDK-ARM Plus  Version: 5.43.0.0
Toolchain Path:  C:\Keil_v5\ARM\ARMCLANG\Bin
C Compiler:      ArmClang.exe V6.24
Assembler:       Armasm.exe V6.24
Linker/Locator:  ArmLink.exe V6.24
Library Manager: ArmAr.exe V6.24
Hex Converter:   FromElf.exe V6.24
CPU DLL:         SARMCM3.DLL V5.43.0.0
Dialog DLL:      DCM.DLL V1.17.5.0
Target DLL:      Segger\JL2CM3.dll V2.99.45.0
Dialog DLL:      TCM.DLL V1.56.6.0
 
<h2>Project:</h2>
D:\RobotPilots\C_FILE\RP__C_FILE\C_FILE\RP2026_Engineer\Targets\DM-MC02-keil\MDK-ARM\DM-MC02.uvprojx
Project File Date:  05/07/2026

<h2>Output:</h2>
*** Using Compiler 'V6.24', folder: 'C:\Keil_v5\ARM\ARMCLANG\Bin'
Build target 'DM-MC02'
compiling conf_CanTxNode.cpp...
compiling sys_esp32.cpp...
compiling conf_interface.cpp...
compiling sys_vison.cpp...
compiling System.cpp...
compiling control.cpp...
compiling sys_controller_link.cpp...
compiling com_end.cpp...
compiling sys_task.cpp...
compiling com_grip.cpp...
compiling conf_device.cpp...
compiling com_joint.cpp...
compiling sys_remote.cpp...
compiling Configuration.cpp...
compiling conf_algo.cpp...
compiling sys_referee.cpp...
compiling conf_module.cpp...
compiling proc_arm.cpp...
compiling com_roll.cpp...
compiling mod_arm.cpp...
compiling Module.cpp...
compiling sys_board_link.cpp...
compiling Core.cpp...
compiling referee_ui.cpp...
compiling mod_gimbal.cpp...
compiling proc_gimbal.cpp...
compiling algo_crc.cpp...
compiling algo_other.cpp...
compiling com_yaw.cpp...
compiling algo_pid.cpp...
compiling algo_ave_filter.cpp...
compiling dev_controller_link.cpp...
compiling Algorithm.cpp...
compiling dev_vision.cpp...
compiling dev_referee.cpp...
compiling dev_servo.cpp...
compiling rc_dr16.cpp...
compiling remote.cpp...
compiling Device.cpp...
compiling mtr_dji.cpp...
compiling motor.cpp...
compiling mtr_dm.cpp...
compiling mtr_kt.cpp...
compiling music_lib.cpp...
compiling mems_bmi088.cpp...
compiling mems.cpp...
compiling dev_buzzer.cpp...
compiling mtr_dm_mit.cpp...
compiling dev_esp32.cpp...
../../../Applications/03_Device/dev_board_link.cpp(139): warning: 'memcpy' will always overflow; destination buffer has size 8, but size argument is 9 [-Wfortify-source]
  139 |                 memcpy(data_buf.data(), &otherInfo_, sizeof(otherInfo_));
      |                 ^
1 warning generated.
compiling dev_board_link.cpp...
compiling inf_spi.cpp...
compiling inf_can.cpp...
compiling inf_usb_cdc.cpp...
compiling startup.cpp...
compiling inf_uart.cpp...
compiling Interface.cpp...
linking...
Program Size: Code=280668 RO-data=5944 RW-data=792 ZI-data=400304  
FromELF: creating hex file...
"DM-MC02\DM-MC02.axf" - 0 Error(s), 1 Warning(s).

<h2>Software Packages used:</h2>

Package Vendor: ARM
                https://www.keil.com/pack/ARM.CMSIS.6.2.0.pack
                ARM::CMSIS@6.2.0
                CMSIS (Common Microcontroller Software Interface Standard)
   * Component: CORE Version: 6.1.1

Package Vendor: Keil
                https://www.keil.com/pack/Keil.STM32H7xx_DFP.4.1.2.pack
                Keil::STM32H7xx_DFP@4.1.2
                STMicroelectronics STM32H7 Series Device Support

<h2>Collection of Component include folders:</h2>
  ./RTE/_DM-MC02
  C:/Keil_v5/ARM/PACK/ARM/CMSIS/6.2.0/CMSIS/Core/Include

<h2>Collection of Component Files used:</h2>

   * Component: ARM::CMSIS:CORE@6.1.1
      Include file:  CMSIS/Core/Include/tz_context.h
Build Time Elapsed:  00:00:15
</pre>
</body>
</html>
