<html>
<body>
<pre>
<h1>�Vision Build Log</h1>
<h2>Tool Versions:</h2>
IDE-Version: ��Vision V5.43.1.0
Copyright (C) 2025 ARM Ltd and ARM Germany GmbH. All rights reserved.
License Information: 1 1318116658@qq.com, 1, LIC=JL28G-VZPTJ-8T13P-MMGZH-0RQ7I-DCX5Y
 
Tool Versions:
Toolchain:       MDK-ARM Plus  Version: 5.43.0.0
Toolchain Path:  F:\Keil_v5\ARM\ARMCLANG\Bin
C Compiler:      ArmClang.exe V6.24
Assembler:       Armasm.exe V6.24
Linker/Locator:  ArmLink.exe V6.24
Library Manager: ArmAr.exe V6.24
Hex Converter:   FromElf.exe V6.24
CPU DLL:         SARMCM3.DLL V5.43.0.0
Dialog DLL:      DCM.DLL V1.17.5.0
Target DLL:      CMSIS_AGDI.dll V1.33.24.0
Dialog DLL:      TCM.DLL V1.56.6.0
 
<h2>Project:</h2>
E:\engineer_fork\2025_CustomController\Targets\DM-MC02 - keil\MDK-ARM\DM-MC02.uvprojx
Project File Date:  01/18/2026

<h2>Output:</h2>
*** Using Compiler 'V6.24', folder: 'F:\Keil_v5\ARM\ARMCLANG\Bin'
Build target 'DM-MC02'
../../../Applications/Configuration/conf_module.cpp(14): warning: In file included from...
../../../Applications/Module/Include\Module.hpp(16): warning: In file included from...
../../../Applications/Module/Include\mod_controller.hpp(160): warning: implicit conversion from 'float' to 'int32_t' (aka 'int') changes value from 4437.3301 to 4437 [-Wliteral-conversion]
  160 |                 const int32_t rangeLimit = CONTROLLER_YAW_MOTOR_RANGE; ///< 电机位置范围限制
      |                                            ^~~~~~~~~~~~~~~~~~~~~~~~~~
../../../Applications/Module/Include\mod_controller.hpp(20): note: expanded from macro 'CONTROLLER_YAW_MOTOR_RANGE'
   20 | #define CONTROLLER_YAW_MOTOR_RANGE 4437.33f
      |                                    ^~~~~~~~
../../../Applications/Module/Include\mod_controller.hpp(160): warning: implicit conversion from 'float' to 'int32_t' (aka 'int') changes value from 4437.3301 to 4437 [-Wliteral-conversion]
  160 |                 const int32_t rangeLimit = CONTROLLER_YAW_MOTOR_RANGE; ///< 电机位置范围限制
      |                                            ^~~~~~~~~~~~~~~~~~~~~~~~~~
../../../Applications/Module/Include\mod_controller.hpp(20): note: expanded from macro 'CONTROLLER_YAW_MOTOR_RANGE'
   20 | #define CONTROLLER_YAW_MOTOR_RANGE 4437.33f
      |                                    ^~~~~~~~
../../../Applications/Module/Include\mod_controller.hpp(143): note: in implicit default constructor for 'my_engineer::CModController::CComYaw' first required here
  143 |         explicit CModController(SModInitParam_Controller &param) { InitModule(param); }
      |                  ^
2 warnings generated.
compiling conf_module.cpp...
../../../Applications/System/Tasks/sys_task.cpp(13): warning: In file included from...
../../../Applications/System/Include\Core.hpp(17): warning: In file included from...
../../../Applications/Module/Include\Module.hpp(16): warning: In file included from...
../../../Applications/Module/Include\mod_controller.hpp(160): warning: implicit conversion from 'float' to 'int32_t' (aka 'int') changes value from 4437.3301 to 4437 [-Wliteral-conversion]
  160 |                 const int32_t rangeLimit = CONTROLLER_YAW_MOTOR_RANGE; ///< 电机位置范围限制
      |                                            ^~~~~~~~~~~~~~~~~~~~~~~~~~
../../../Applications/Module/Include\mod_controller.hpp(20): note: expanded from macro 'CONTROLLER_YAW_MOTOR_RANGE'
   20 | #define CONTROLLER_YAW_MOTOR_RANGE 4437.33f
      |                                    ^~~~~~~~
../../../Applications/Module/Include\mod_controller.hpp(160): warning: implicit conversion from 'float' to 'int32_t' (aka 'int') changes value from 4437.3301 to 4437 [-Wliteral-conversion]
  160 |                 const int32_t rangeLimit = CONTROLLER_YAW_MOTOR_RANGE; ///< 电机位置范围限制
      |                                            ^~~~~~~~~~~~~~~~~~~~~~~~~~
../../../Applications/Module/Include\mod_controller.hpp(20): note: expanded from macro 'CONTROLLER_YAW_MOTOR_RANGE'
   20 | #define CONTROLLER_YAW_MOTOR_RANGE 4437.33f
      |                                    ^~~~~~~~
../../../Applications/Module/Include\mod_controller.hpp(143): note: in implicit default constructor for 'my_engineer::CModController::CComYaw' first required here
  143 |         explicit CModController(SModInitParam_Controller &param) { InitModule(param); }
      |                  ^
2 warnings generated.
compiling sys_task.cpp...
../../../Applications/System/Controller_Link/sys_controller_link.cpp(16): warning: In file included from...
../../../Applications/Module/Include\mod_controller.hpp(160): warning: implicit conversion from 'float' to 'int32_t' (aka 'int') changes value from 4437.3301 to 4437 [-Wliteral-conversion]
  160 |                 const int32_t rangeLimit = CONTROLLER_YAW_MOTOR_RANGE; ///< 电机位置范围限制
      |                                            ^~~~~~~~~~~~~~~~~~~~~~~~~~
../../../Applications/Module/Include\mod_controller.hpp(20): note: expanded from macro 'CONTROLLER_YAW_MOTOR_RANGE'
   20 | #define CONTROLLER_YAW_MOTOR_RANGE 4437.33f
      |                                    ^~~~~~~~
../../../Applications/Module/Include\mod_controller.hpp(160): warning: implicit conversion from 'float' to 'int32_t' (aka 'int') changes value from 4437.3301 to 4437 [-Wliteral-conversion]
  160 |                 const int32_t rangeLimit = CONTROLLER_YAW_MOTOR_RANGE; ///< 电机位置范围限制
      |                                            ^~~~~~~~~~~~~~~~~~~~~~~~~~
../../../Applications/Module/Include\mod_controller.hpp(20): note: expanded from macro 'CONTROLLER_YAW_MOTOR_RANGE'
   20 | #define CONTROLLER_YAW_MOTOR_RANGE 4437.33f
      |                                    ^~~~~~~~
../../../Applications/Module/Include\mod_controller.hpp(143): note: in implicit default constructor for 'my_engineer::CModController::CComYaw' first required here
  143 |         explicit CModController(SModInitParam_Controller &param) { InitModule(param); }
      |                  ^
2 warnings generated.
compiling sys_controller_link.cpp...
../../../Applications/Module/Custom_Controller/com_rocker.cpp(13): warning: In file included from...
../../../Applications/Module/Include\mod_controller.hpp(160): warning: implicit conversion from 'float' to 'int32_t' (aka 'int') changes value from 4437.3301 to 4437 [-Wliteral-conversion]
  160 |                 const int32_t rangeLimit = CONTROLLER_YAW_MOTOR_RANGE; ///< 电机位置范围限制
      |                                            ^~~~~~~~~~~~~~~~~~~~~~~~~~
../../../Applications/Module/Include\mod_controller.hpp(20): note: expanded from macro 'CONTROLLER_YAW_MOTOR_RANGE'
   20 | #define CONTROLLER_YAW_MOTOR_RANGE 4437.33f
      |                                    ^~~~~~~~
../../../Applications/Module/Include\mod_controller.hpp(160): warning: implicit conversion from 'float' to 'int32_t' (aka 'int') changes value from 4437.3301 to 4437 [-Wliteral-conversion]
  160 |                 const int32_t rangeLimit = CONTROLLER_YAW_MOTOR_RANGE; ///< 电机位置范围限制
      |                                            ^~~~~~~~~~~~~~~~~~~~~~~~~~
../../../Applications/Module/Include\mod_controller.hpp(20): note: expanded from macro 'CONTROLLER_YAW_MOTOR_RANGE'
   20 | #define CONTROLLER_YAW_MOTOR_RANGE 4437.33f
      |                                    ^~~~~~~~
../../../Applications/Module/Include\mod_controller.hpp(143): note: in implicit default constructor for 'my_engineer::CModController::CComYaw' first required here
  143 |         explicit CModController(SModInitParam_Controller &param) { InitModule(param); }
      |                  ^
2 warnings generated.
compiling com_rocker.cpp...
../../../Applications/Module/Custom_Controller/com_pitch2.cpp(1): warning: In file included from...
../../../Applications/Module/Include\mod_controller.hpp(160): warning: implicit conversion from 'float' to 'int32_t' (aka 'int') changes value from 4437.3301 to 4437 [-Wliteral-conversion]
  160 |                 const int32_t rangeLimit = CONTROLLER_YAW_MOTOR_RANGE; ///< 电机位置范围限制
      |                                            ^~~~~~~~~~~~~~~~~~~~~~~~~~
../../../Applications/Module/Include\mod_controller.hpp(20): note: expanded from macro 'CONTROLLER_YAW_MOTOR_RANGE'
   20 | #define CONTROLLER_YAW_MOTOR_RANGE 4437.33f
      |                                    ^~~~~~~~
../../../Applications/Module/Include\mod_controller.hpp(160): warning: implicit conversion from 'float' to 'int32_t' (aka 'int') changes value from 4437.3301 to 4437 [-Wliteral-conversion]
  160 |                 const int32_t rangeLimit = CONTROLLER_YAW_MOTOR_RANGE; ///< 电机位置范围限制
      |                                            ^~~~~~~~~~~~~~~~~~~~~~~~~~
../../../Applications/Module/Include\mod_controller.hpp(20): note: expanded from macro 'CONTROLLER_YAW_MOTOR_RANGE'
   20 | #define CONTROLLER_YAW_MOTOR_RANGE 4437.33f
      |                                    ^~~~~~~~
../../../Applications/Module/Include\mod_controller.hpp(143): note: in implicit default constructor for 'my_engineer::CModController::CComYaw' first required here
  143 |         explicit CModController(SModInitParam_Controller &param) { InitModule(param); }
      |                  ^
2 warnings generated.
compiling com_pitch2.cpp...
../../../Applications/Module/Custom_Controller/com_pitch_end.cpp(14): warning: In file included from...
../../../Applications/Module/Include\mod_controller.hpp(160): warning: implicit conversion from 'float' to 'int32_t' (aka 'int') changes value from 4437.3301 to 4437 [-Wliteral-conversion]
  160 |                 const int32_t rangeLimit = CONTROLLER_YAW_MOTOR_RANGE; ///< 电机位置范围限制
      |                                            ^~~~~~~~~~~~~~~~~~~~~~~~~~
../../../Applications/Module/Include\mod_controller.hpp(20): note: expanded from macro 'CONTROLLER_YAW_MOTOR_RANGE'
   20 | #define CONTROLLER_YAW_MOTOR_RANGE 4437.33f
      |                                    ^~~~~~~~
../../../Applications/Module/Include\mod_controller.hpp(160): warning: implicit conversion from 'float' to 'int32_t' (aka 'int') changes value from 4437.3301 to 4437 [-Wliteral-conversion]
  160 |                 const int32_t rangeLimit = CONTROLLER_YAW_MOTOR_RANGE; ///< 电机位置范围限制
      |                                            ^~~~~~~~~~~~~~~~~~~~~~~~~~
../../../Applications/Module/Include\mod_controller.hpp(20): note: expanded from macro 'CONTROLLER_YAW_MOTOR_RANGE'
   20 | #define CONTROLLER_YAW_MOTOR_RANGE 4437.33f
      |                                    ^~~~~~~~
../../../Applications/Module/Include\mod_controller.hpp(143): note: in implicit default constructor for 'my_engineer::CModController::CComYaw' first required here
  143 |         explicit CModController(SModInitParam_Controller &param) { InitModule(param); }
      |                  ^
2 warnings generated.
compiling com_pitch_end.cpp...
../../../Applications/Module/Custom_Controller/proc_controller.cpp(14): warning: In file included from...
../../../Applications/Module/Include\mod_controller.hpp(160): warning: implicit conversion from 'float' to 'int32_t' (aka 'int') changes value from 4437.3301 to 4437 [-Wliteral-conversion]
  160 |                 const int32_t rangeLimit = CONTROLLER_YAW_MOTOR_RANGE; ///< 电机位置范围限制
      |                                            ^~~~~~~~~~~~~~~~~~~~~~~~~~
../../../Applications/Module/Include\mod_controller.hpp(20): note: expanded from macro 'CONTROLLER_YAW_MOTOR_RANGE'
   20 | #define CONTROLLER_YAW_MOTOR_RANGE 4437.33f
      |                                    ^~~~~~~~
../../../Applications/Module/Include\mod_controller.hpp(160): warning: implicit conversion from 'float' to 'int32_t' (aka 'int') changes value from 4437.3301 to 4437 [-Wliteral-conversion]
  160 |                 const int32_t rangeLimit = CONTROLLER_YAW_MOTOR_RANGE; ///< 电机位置范围限制
      |                                            ^~~~~~~~~~~~~~~~~~~~~~~~~~
../../../Applications/Module/Include\mod_controller.hpp(20): note: expanded from macro 'CONTROLLER_YAW_MOTOR_RANGE'
   20 | #define CONTROLLER_YAW_MOTOR_RANGE 4437.33f
      |                                    ^~~~~~~~
../../../Applications/Module/Include\mod_controller.hpp(143): note: in implicit default constructor for 'my_engineer::CModController::CComYaw' first required here
  143 |         explicit CModController(SModInitParam_Controller &param) { InitModule(param); }
      |                  ^
2 warnings generated.
compiling proc_controller.cpp...
../../../Applications/Module/Custom_Controller/com_pitch1.cpp(13): warning: In file included from...
../../../Applications/Module/Include\mod_controller.hpp(160): warning: implicit conversion from 'float' to 'int32_t' (aka 'int') changes value from 4437.3301 to 4437 [-Wliteral-conversion]
  160 |                 const int32_t rangeLimit = CONTROLLER_YAW_MOTOR_RANGE; ///< 电机位置范围限制
      |                                            ^~~~~~~~~~~~~~~~~~~~~~~~~~
../../../Applications/Module/Include\mod_controller.hpp(20): note: expanded from macro 'CONTROLLER_YAW_MOTOR_RANGE'
   20 | #define CONTROLLER_YAW_MOTOR_RANGE 4437.33f
      |                                    ^~~~~~~~
../../../Applications/Module/Include\mod_controller.hpp(160): warning: implicit conversion from 'float' to 'int32_t' (aka 'int') changes value from 4437.3301 to 4437 [-Wliteral-conversion]
  160 |                 const int32_t rangeLimit = CONTROLLER_YAW_MOTOR_RANGE; ///< 电机位置范围限制
      |                                            ^~~~~~~~~~~~~~~~~~~~~~~~~~
../../../Applications/Module/Include\mod_controller.hpp(20): note: expanded from macro 'CONTROLLER_YAW_MOTOR_RANGE'
   20 | #define CONTROLLER_YAW_MOTOR_RANGE 4437.33f
      |                                    ^~~~~~~~
../../../Applications/Module/Include\mod_controller.hpp(143): note: in implicit default constructor for 'my_engineer::CModController::CComYaw' first required here
  143 |         explicit CModController(SModInitParam_Controller &param) { InitModule(param); }
      |                  ^
2 warnings generated.
compiling com_pitch1.cpp...
../../../Applications/Module/Custom_Controller/mod_controller.cpp(15): warning: In file included from...
../../../Applications/Module/Include\mod_controller.hpp(160): warning: implicit conversion from 'float' to 'int32_t' (aka 'int') changes value from 4437.3301 to 4437 [-Wliteral-conversion]
  160 |                 const int32_t rangeLimit = CONTROLLER_YAW_MOTOR_RANGE; ///< 电机位置范围限制
      |                                            ^~~~~~~~~~~~~~~~~~~~~~~~~~
../../../Applications/Module/Include\mod_controller.hpp(20): note: expanded from macro 'CONTROLLER_YAW_MOTOR_RANGE'
   20 | #define CONTROLLER_YAW_MOTOR_RANGE 4437.33f
      |                                    ^~~~~~~~
../../../Applications/Module/Include\mod_controller.hpp(160): warning: implicit conversion from 'float' to 'int32_t' (aka 'int') changes value from 4437.3301 to 4437 [-Wliteral-conversion]
  160 |                 const int32_t rangeLimit = CONTROLLER_YAW_MOTOR_RANGE; ///< 电机位置范围限制
      |                                            ^~~~~~~~~~~~~~~~~~~~~~~~~~
../../../Applications/Module/Include\mod_controller.hpp(20): note: expanded from macro 'CONTROLLER_YAW_MOTOR_RANGE'
   20 | #define CONTROLLER_YAW_MOTOR_RANGE 4437.33f
      |                                    ^~~~~~~~
../../../Applications/Module/Include\mod_controller.hpp(143): note: in implicit default constructor for 'my_engineer::CModController::CComYaw' first required here
  143 |         explicit CModController(SModInitParam_Controller &param) { InitModule(param); }
      |                  ^
2 warnings generated.
compiling mod_controller.cpp...
../../../Applications/Module/Custom_Controller/com_roll.cpp(14): warning: In file included from...
../../../Applications/Module/Include\mod_controller.hpp(160): warning: implicit conversion from 'float' to 'int32_t' (aka 'int') changes value from 4437.3301 to 4437 [-Wliteral-conversion]
  160 |                 const int32_t rangeLimit = CONTROLLER_YAW_MOTOR_RANGE; ///< 电机位置范围限制
      |                                            ^~~~~~~~~~~~~~~~~~~~~~~~~~
../../../Applications/Module/Include\mod_controller.hpp(20): note: expanded from macro 'CONTROLLER_YAW_MOTOR_RANGE'
   20 | #define CONTROLLER_YAW_MOTOR_RANGE 4437.33f
      |                                    ^~~~~~~~
../../../Applications/Module/Include\mod_controller.hpp(160): warning: implicit conversion from 'float' to 'int32_t' (aka 'int') changes value from 4437.3301 to 4437 [-Wliteral-conversion]
  160 |                 const int32_t rangeLimit = CONTROLLER_YAW_MOTOR_RANGE; ///< 电机位置范围限制
      |                                            ^~~~~~~~~~~~~~~~~~~~~~~~~~
../../../Applications/Module/Include\mod_controller.hpp(20): note: expanded from macro 'CONTROLLER_YAW_MOTOR_RANGE'
   20 | #define CONTROLLER_YAW_MOTOR_RANGE 4437.33f
      |                                    ^~~~~~~~
../../../Applications/Module/Include\mod_controller.hpp(143): note: in implicit default constructor for 'my_engineer::CModController::CComYaw' first required here
  143 |         explicit CModController(SModInitParam_Controller &param) { InitModule(param); }
      |                  ^
2 warnings generated.
compiling com_roll.cpp...
../../../Applications/System/System.cpp(13): warning: In file included from...
../../../Applications/Module/Include\Module.hpp(16): warning: In file included from...
../../../Applications/Module/Include\mod_controller.hpp(160): warning: implicit conversion from 'float' to 'int32_t' (aka 'int') changes value from 4437.3301 to 4437 [-Wliteral-conversion]
  160 |                 const int32_t rangeLimit = CONTROLLER_YAW_MOTOR_RANGE; ///< 电机位置范围限制
      |                                            ^~~~~~~~~~~~~~~~~~~~~~~~~~
../../../Applications/Module/Include\mod_controller.hpp(20): note: expanded from macro 'CONTROLLER_YAW_MOTOR_RANGE'
   20 | #define CONTROLLER_YAW_MOTOR_RANGE 4437.33f
      |                                    ^~~~~~~~
../../../Applications/Module/Include\mod_controller.hpp(160): warning: implicit conversion from 'float' to 'int32_t' (aka 'int') changes value from 4437.3301 to 4437 [-Wliteral-conversion]
  160 |                 const int32_t rangeLimit = CONTROLLER_YAW_MOTOR_RANGE; ///< 电机位置范围限制
      |                                            ^~~~~~~~~~~~~~~~~~~~~~~~~~
../../../Applications/Module/Include\mod_controller.hpp(20): note: expanded from macro 'CONTROLLER_YAW_MOTOR_RANGE'
   20 | #define CONTROLLER_YAW_MOTOR_RANGE 4437.33f
      |                                    ^~~~~~~~
../../../Applications/Module/Include\mod_controller.hpp(143): note: in implicit default constructor for 'my_engineer::CModController::CComYaw' first required here
  143 |         explicit CModController(SModInitParam_Controller &param) { InitModule(param); }
      |                  ^
2 warnings generated.
compiling System.cpp...
../../../Applications/System/Core/Core.cpp(10): warning: In file included from...
../../../Applications/System/Include\Core.hpp(17): warning: In file included from...
../../../Applications/Module/Include\Module.hpp(16): warning: In file included from...
../../../Applications/Module/Include\mod_controller.hpp(160): warning: implicit conversion from 'float' to 'int32_t' (aka 'int') changes value from 4437.3301 to 4437 [-Wliteral-conversion]
  160 |                 const int32_t rangeLimit = CONTROLLER_YAW_MOTOR_RANGE; ///< 电机位置范围限制
      |                                            ^~~~~~~~~~~~~~~~~~~~~~~~~~
../../../Applications/Module/Include\mod_controller.hpp(20): note: expanded from macro 'CONTROLLER_YAW_MOTOR_RANGE'
   20 | #define CONTROLLER_YAW_MOTOR_RANGE 4437.33f
      |                                    ^~~~~~~~
../../../Applications/Module/Include\mod_controller.hpp(160): warning: implicit conversion from 'float' to 'int32_t' (aka 'int') changes value from 4437.3301 to 4437 [-Wliteral-conversion]
  160 |                 const int32_t rangeLimit = CONTROLLER_YAW_MOTOR_RANGE; ///< 电机位置范围限制
      |                                            ^~~~~~~~~~~~~~~~~~~~~~~~~~
../../../Applications/Module/Include\mod_controller.hpp(20): note: expanded from macro 'CONTROLLER_YAW_MOTOR_RANGE'
   20 | #define CONTROLLER_YAW_MOTOR_RANGE 4437.33f
      |                                    ^~~~~~~~
../../../Applications/Module/Include\mod_controller.hpp(143): note: in implicit default constructor for 'my_engineer::CModController::CComYaw' first required here
  143 |         explicit CModController(SModInitParam_Controller &param) { InitModule(param); }
      |                  ^
2 warnings generated.
compiling Core.cpp...
../../../Applications/Module/Custom_Controller/com_buzzer.cpp(13): warning: In file included from...
../../../Applications/Module/Include\mod_controller.hpp(160): warning: implicit conversion from 'float' to 'int32_t' (aka 'int') changes value from 4437.3301 to 4437 [-Wliteral-conversion]
  160 |                 const int32_t rangeLimit = CONTROLLER_YAW_MOTOR_RANGE; ///< 电机位置范围限制
      |                                            ^~~~~~~~~~~~~~~~~~~~~~~~~~
../../../Applications/Module/Include\mod_controller.hpp(20): note: expanded from macro 'CONTROLLER_YAW_MOTOR_RANGE'
   20 | #define CONTROLLER_YAW_MOTOR_RANGE 4437.33f
      |                                    ^~~~~~~~
../../../Applications/Module/Include\mod_controller.hpp(160): warning: implicit conversion from 'float' to 'int32_t' (aka 'int') changes value from 4437.3301 to 4437 [-Wliteral-conversion]
  160 |                 const int32_t rangeLimit = CONTROLLER_YAW_MOTOR_RANGE; ///< 电机位置范围限制
      |                                            ^~~~~~~~~~~~~~~~~~~~~~~~~~
../../../Applications/Module/Include\mod_controller.hpp(20): note: expanded from macro 'CONTROLLER_YAW_MOTOR_RANGE'
   20 | #define CONTROLLER_YAW_MOTOR_RANGE 4437.33f
      |                                    ^~~~~~~~
../../../Applications/Module/Include\mod_controller.hpp(143): note: in implicit default constructor for 'my_engineer::CModController::CComYaw' first required here
  143 |         explicit CModController(SModInitParam_Controller &param) { InitModule(param); }
      |                  ^
2 warnings generated.
compiling com_buzzer.cpp...
../../../Applications/Module/Custom_Controller/com_yaw.cpp(13): warning: In file included from...
../../../Applications/Module/Include\mod_controller.hpp(160): warning: implicit conversion from 'float' to 'int32_t' (aka 'int') changes value from 4437.3301 to 4437 [-Wliteral-conversion]
  160 |                 const int32_t rangeLimit = CONTROLLER_YAW_MOTOR_RANGE; ///< 电机位置范围限制
      |                                            ^~~~~~~~~~~~~~~~~~~~~~~~~~
../../../Applications/Module/Include\mod_controller.hpp(20): note: expanded from macro 'CONTROLLER_YAW_MOTOR_RANGE'
   20 | #define CONTROLLER_YAW_MOTOR_RANGE 4437.33f
      |                                    ^~~~~~~~
../../../Applications/Module/Include\mod_controller.hpp(160): warning: implicit conversion from 'float' to 'int32_t' (aka 'int') changes value from 4437.3301 to 4437 [-Wliteral-conversion]
  160 |                 const int32_t rangeLimit = CONTROLLER_YAW_MOTOR_RANGE; ///< 电机位置范围限制
      |                                            ^~~~~~~~~~~~~~~~~~~~~~~~~~
../../../Applications/Module/Include\mod_controller.hpp(20): note: expanded from macro 'CONTROLLER_YAW_MOTOR_RANGE'
   20 | #define CONTROLLER_YAW_MOTOR_RANGE 4437.33f
      |                                    ^~~~~~~~
../../../Applications/Module/Include\mod_controller.hpp(143): note: in implicit default constructor for 'my_engineer::CModController::CComYaw' first required here
  143 |         explicit CModController(SModInitParam_Controller &param) { InitModule(param); }
      |                  ^
2 warnings generated.
compiling com_yaw.cpp...
../../../Applications/Module/Module.cpp(17): warning: In file included from...
../../../Applications/Module/Include\Module.hpp(16): warning: In file included from...
../../../Applications/Module/Include\mod_controller.hpp(160): warning: implicit conversion from 'float' to 'int32_t' (aka 'int') changes value from 4437.3301 to 4437 [-Wliteral-conversion]
  160 |                 const int32_t rangeLimit = CONTROLLER_YAW_MOTOR_RANGE; ///< 电机位置范围限制
      |                                            ^~~~~~~~~~~~~~~~~~~~~~~~~~
../../../Applications/Module/Include\mod_controller.hpp(20): note: expanded from macro 'CONTROLLER_YAW_MOTOR_RANGE'
   20 | #define CONTROLLER_YAW_MOTOR_RANGE 4437.33f
      |                                    ^~~~~~~~
../../../Applications/Module/Include\mod_controller.hpp(160): warning: implicit conversion from 'float' to 'int32_t' (aka 'int') changes value from 4437.3301 to 4437 [-Wliteral-conversion]
  160 |                 const int32_t rangeLimit = CONTROLLER_YAW_MOTOR_RANGE; ///< 电机位置范围限制
      |                                            ^~~~~~~~~~~~~~~~~~~~~~~~~~
../../../Applications/Module/Include\mod_controller.hpp(20): note: expanded from macro 'CONTROLLER_YAW_MOTOR_RANGE'
   20 | #define CONTROLLER_YAW_MOTOR_RANGE 4437.33f
      |                                    ^~~~~~~~
../../../Applications/Module/Include\mod_controller.hpp(143): note: in implicit default constructor for 'my_engineer::CModController::CComYaw' first required here
  143 |         explicit CModController(SModInitParam_Controller &param) { InitModule(param); }
      |                  ^
2 warnings generated.
compiling Module.cpp...
linking...
Program Size: Code=246372 RO-data=6540 RW-data=656 ZI-data=395872  
FromELF: creating hex file...
"DM-MC02\DM-MC02.axf" - 0 Error(s), 30 Warning(s).

<h2>Software Packages used:</h2>

Package Vendor: ARM
                https://www.keil.com/pack/ARM.CMSIS.6.2.0.pack
                ARM::CMSIS@6.2.0
                CMSIS (Common Microcontroller Software Interface Standard)
   * Component: CORE Version: 6.1.1

Package Vendor: Keil
                https://www.keil.com/pack/Keil.STM32H7xx_DFP.4.1.3.pack
                Keil::STM32H7xx_DFP@4.1.3
                STMicroelectronics STM32H7 Series Device Support

<h2>Collection of Component include folders:</h2>
  ./RTE/_DM-MC02
  F:/Keil_v5/ARM/Packs/ARM/CMSIS/6.2.0/CMSIS/Core/Include

<h2>Collection of Component Files used:</h2>

   * Component: ARM::CMSIS:CORE@6.1.1
      Include file:  CMSIS/Core/Include/tz_context.h
Build Time Elapsed:  00:00:06
</pre>
</body>
</html>
